{
  "frame_ids": [
    0,
    16,
    32,
    48
  ],
  "features": [
    {
      "name": "input",
      "type": "float",
      "data_points": [
        0,
        0.5,
        1.1,
        1.1
      ]
    },
    {
      "name": "gestureDirection",
      "type": "string",
      "data_points": [
        "Max",
        "Max",
        "Max",
        "Max"
      ]
    },
    {
      "name": "output",
      "type": "float",
      "data_points": [
        0,
        0,
        0.05119291,
        0.095428914
      ]
    },
    {
      "name": "outputTarget",
      "type": "float",
      "data_points": [
        0,
        0,
        0.55,
        0.55
      ]
    },
    {
      "name": "outputSpring",
      "type": "springParameters",
      "data_points": [
        {
          "stiffness": 100000,
          "dampingRatio": 1
        },
        {
          "stiffness": 100000,
          "dampingRatio": 1
        },
        {
          "stiffness": 700,
          "dampingRatio": 0.9
        },
        {
          "stiffness": 700,
          "dampingRatio": 0.9
        }
      ]
    },
    {
      "name": "isStable",
      "type": "boolean",
      "data_points": [
        true,
        true,
        false,
        false
      ]
    }
  ]
}