{
  "frame_ids": [
    0,
    16,
    32,
    48,
    64,
    80,
    96,
    112,
    128,
    144,
    160,
    176,
    192,
    208
  ],
  "features": [
    {
      "name": "input",
      "type": "float",
      "data_points": [
        2,
        1.5,
        1,
        0.5,
        0,
        -0.5,
        -1,
        -1.5,
        -2,
        -2,
        -2,
        -2,
        -2,
        -2
      ]
    },
    {
      "name": "gestureDirection",
      "type": "string",
      "data_points": [
        "Max",
        "Max",
        "Max",
        "Max",
        "Max",
        "Max",
        "Max",
        "Min",
        "Min",
        "Min",
        "Min",
        "Min",
        "Min",
        "Min"
      ]
    },
    {
      "name": "output",
      "type": "float",
      "data_points": [
        1,
        1,
        1,
        1,
        1,
        1,
        1,
        0.9303996,
        0.48961937,
        0.1611222,
        0.04164827,
        0.008622885,
        0,
        0
      ]
    },
    {
      "name": "outputTarget",
      "type": "float",
      "data_points": [
        1,
        1,
        1,
        1,
        1,
        1,
        1,
        0,
        0,
        0,
        0,
        0,
        0,
        0
      ]
    },
    {
      "name": "outputSpring",
      "type": "springParameters",
      "data_points": [
        {
          "stiffness": 100000,
          "dampingRatio": 1
        },
        {
          "stiffness": 100000,
          "dampingRatio": 1
        },
        {
          "stiffness": 100000,
          "dampingRatio": 1
        },
        {
          "stiffness": 100000,
          "dampingRatio": 1
        },
        {
          "stiffness": 100000,
          "dampingRatio": 1
        },
        {
          "stiffness": 100000,
          "dampingRatio": 1
        },
        {
          "stiffness": 100000,
          "dampingRatio": 1
        },
        {
          "stiffness": 700,
          "dampingRatio": 0.9
        },
        {
          "stiffness": 8366.601,
          "dampingRatio": 0.95
        },
        {
          "stiffness": 8366.601,
          "dampingRatio": 0.95
        },
        {
          "stiffness": 8366.601,
          "dampingRatio": 0.95
        },
        {
          "stiffness": 8366.601,
          "dampingRatio": 0.95
        },
        {
          "stiffness": 8366.601,
          "dampingRatio": 0.95
        },
        {
          "stiffness": 8366.601,
          "dampingRatio": 0.95
        }
      ]
    },
    {
      "name": "isStable",
      "type": "boolean",
      "data_points": [
        true,
        true,
        true,
        true,
        true,
        true,
        true,
        false,
        false,
        false,
        false,
        false,
        true,
        true
      ]
    }
  ]
}