{
  "frame_ids": [
    0,
    16,
    32,
    48,
    64,
    80,
    96
  ],
  "features": [
    {
      "name": "input",
      "type": "float",
      "data_points": [
        0,
        20,
        40,
        60,
        80,
        100,
        100
      ]
    },
    {
      "name": "gestureDirection",
      "type": "string",
      "data_points": [
        "Max",
        "Max",
        "Max",
        "Max",
        "Max",
        "Max",
        "Max"
      ]
    },
    {
      "name": "output",
      "type": "float",
      "data_points": [
        0,
        20,
        40,
        60,
        80,
        100,
        100
      ]
    },
    {
      "name": "outputTarget",
      "type": "float",
      "data_points": [
        0,
        20,
        40,
        60,
        80,
        100,
        100
      ]
    },
    {
      "name": "outputSpring",
      "type": "springParameters",
      "data_points": [
        {
          "stiffness": 100000,
          "dampingRatio": 1
        },
        {
          "stiffness": 100000,
          "dampingRatio": 1
        },
        {
          "stiffness": 100000,
          "dampingRatio": 1
        },
        {
          "stiffness": 100000,
          "dampingRatio": 1
        },
        {
          "stiffness": 100000,
          "dampingRatio": 1
        },
        {
          "stiffness": 100000,
          "dampingRatio": 1
        },
        {
          "stiffness": 100000,
          "dampingRatio": 1
        }
      ]
    },
    {
      "name": "isStable",
      "type": "boolean",
      "data_points": [
        true,
        true,
        true,
        true,
        true,
        true,
        true
      ]
    }
  ]
}