{
  "frame_ids": [
    0,
    10,
    20,
    30,
    40,
    50,
    60,
    70,
    80,
    90,
    100,
    110,
    120,
    130,
    140,
    150,
    160,
    170,
    180,
    190,
    200,
    210,
    220,
    230,
    240,
    250,
    260,
    270,
    280,
    290,
    300,
    310,
    320,
    330,
    340,
    350,
    360,
    370,
    380,
    390,
    400,
    410,
    420,
    430,
    440,
    450,
    460,
    470,
    480,
    490,
    500,
    510,
    520,
    530,
    540,
    550,
    560,
    570,
    580,
    590,
    600,
    610,
    620,
    630,
    640,
    650,
    660,
    670,
    680,
    690,
    700,
    710,
    720,
    730,
    740,
    750,
    760,
    770,
    780,
    790,
    800,
    810,
    820,
    830,
    840,
    850,
    860,
    870,
    880,
    890,
    900,
    910,
    920,
    930,
    940,
    950,
    960,
    970,
    980,
    990,
    1000,
    1010,
    1020,
    1030,
    1040,
    1050,
    1060,
    1070,
    1080,
    1090,
    1100,
    1110,
    1120,
    1130,
    1140,
    1150,
    1160,
    1170,
    1180,
    1190,
    1200,
    1210,
    1220,
    1230,
    1240,
    1250,
    1260,
    1270,
    1280,
    1290,
    1300,
    1310,
    1320,
    1330,
    1340,
    1350,
    1360,
    1370,
    1380,
    1390,
    1400,
    1410,
    1420,
    1430,
    1440,
    1450,
    1460,
    1470,
    1480,
    1490,
    1500,
    1510,
    1520,
    1530,
    1540,
    1550,
    1560,
    1570,
    1580,
    1590,
    1600,
    1610,
    1620,
    1630,
    1640,
    1650,
    1660,
    1670,
    1680,
    1690,
    1700,
    1710,
    1720,
    1730,
    1740,
    1750,
    1760,
    1770,
    1780,
    1790,
    1800,
    1810,
    1820,
    1830,
    1840,
    1850,
    1860,
    1870,
    1880,
    1890,
    1900,
    1910,
    1920,
    1930,
    1940,
    1950,
    1960,
    1970,
    1980,
    1990,
    2000,
    2010,
    2020,
    2030,
    2040,
    2050,
    2060,
    2070,
    2080,
    2090,
    2100,
    2110,
    2120,
    2130,
    2140,
    2150,
    2160,
    2170,
    2180,
    2190,
    2200,
    2210,
    2220,
    2230,
    2240,
    2250,
    2260,
    2270,
    2280,
    2290,
    2300,
    2310,
    2320,
    2330,
    2340,
    2350,
    2360,
    2370,
    2380,
    2390,
    2400,
    2410,
    2420,
    2430,
    2440,
    2450,
    2460,
    2470,
    2480,
    2490,
    2500,
    2510,
    2520,
    2530,
    2540,
    2550,
    2560,
    2570,
    2580,
    2590,
    2600,
    2610,
    2620,
    2630
  ],
  "features": [
    {
      "name": "displacement",
      "type": "float",
      "data_points": [
        10,
        9.956085,
        9.844659,
        9.688895,
        9.504694,
        9.302948,
        9.091103,
        8.874231,
        8.655778,
        8.438063,
        8.222635,
        8.010515,
        7.802359,
        7.598574,
        7.399398,
        7.204951,
        7.015275,
        6.83036,
        6.6501584,
        6.474601,
        6.3036017,
        6.1370664,
        5.9748945,
        5.8169837,
        5.663229,
        5.5135264,
        5.367773,
        5.2258673,
        5.0877094,
        4.9532013,
        4.8222475,
        4.6947546,
        4.5706315,
        4.4497895,
        4.332142,
        4.2176046,
        4.1060953,
        3.997534,
        3.891843,
        3.7889464,
        3.68877,
        3.5912423,
        3.496293,
        3.4038541,
        3.3138592,
        3.2262437,
        3.1409447,
        3.057901,
        2.9770527,
        2.8983421,
        2.8217125,
        2.747109,
        2.6744778,
        2.603767,
        2.5349257,
        2.4679046,
        2.4026554,
        2.3391314,
        2.2772868,
        2.2170773,
        2.1584597,
        2.1013918,
        2.0458329,
        1.9917428,
        1.939083,
        1.8878154,
        1.8379031,
        1.7893106,
        1.7420027,
        1.6959457,
        1.6511065,
        1.6074526,
        1.564953,
        1.523577,
        1.483295,
        1.444078,
        1.4058979,
        1.3687272,
        1.3325393,
        1.2973082,
        1.2630085,
        1.2296157,
        1.1971058,
        1.1654553,
        1.1346418,
        1.1046429,
        1.0754371,
        1.0470035,
        1.0193217,
        0.99237174,
        0.9661343,
        0.94059056,
        0.9157222,
        0.8915113,
        0.86794055,
        0.84499294,
        0.82265204,
        0.80090183,
        0.7797267,
        0.7591114,
        0.73904115,
        0.71950155,
        0.70047855,
        0.6819585,
        0.6639281,
        0.6463744,
        0.62928486,
        0.6126471,
        0.59644926,
        0.58067966,
        0.565327,
        0.55038023,
        0.53582865,
        0.5216618,
        0.50786954,
        0.49444193,
        0.48136932,
        0.46864232,
        0.45625183,
        0.44418892,
        0.43244496,
        0.4210115,
        0.40988034,
        0.39904347,
        0.38849312,
        0.3782217,
        0.36822185,
        0.35848638,
        0.34900832,
        0.33978084,
        0.33079734,
        0.32205135,
        0.31353658,
        0.30524695,
        0.29717648,
        0.2893194,
        0.28167003,
        0.27422294,
        0.26697272,
        0.2599142,
        0.25304228,
        0.24635206,
        0.23983873,
        0.2334976,
        0.22732413,
        0.22131388,
        0.21546254,
        0.2097659,
        0.20421988,
        0.19882049,
        0.19356385,
        0.1884462,
        0.18346384,
        0.17861322,
        0.17389084,
        0.16929333,
        0.16481736,
        0.16045974,
        0.15621732,
        0.15208708,
        0.14806603,
        0.1441513,
        0.14034006,
        0.1366296,
        0.13301723,
        0.12950037,
        0.1260765,
        0.12274315,
        0.11949793,
        0.116338514,
        0.11326262,
        0.11026806,
        0.10735267,
        0.10451435,
        0.10175108,
        0.09906087,
        0.09644179,
        0.093891956,
        0.091409534,
        0.088992745,
        0.08663985,
        0.08434917,
        0.082119055,
        0.0799479,
        0.077834144,
        0.07577628,
        0.07377282,
        0.07182233,
        0.06992341,
        0.068074696,
        0.06627486,
        0.06452261,
        0.06281669,
        0.06115587,
        0.059538964,
        0.057964806,
        0.056432266,
        0.054940246,
        0.053487673,
        0.052073505,
        0.050696727,
        0.04935635,
        0.04805141,
        0.046780974,
        0.045544125,
        0.044339977,
        0.043167666,
        0.042026352,
        0.040915214,
        0.039833453,
        0.03878029,
        0.037754975,
        0.036756765,
        0.03578495,
        0.034838825,
        0.033917718,
        0.033020962,
        0.032147918,
        0.031297956,
        0.030470464,
        0.029664852,
        0.028880538,
        0.028116962,
        0.027373575,
        0.026649842,
        0.025945244,
        0.025259275,
        0.024591442,
        0.023941265,
        0.023308279,
        0.022692028,
        0.02209207,
        0.021507975,
        0.020939322,
        0.020385705,
        0.019846724,
        0.019321995,
        0.018811138,
        0.018313788,
        0.017829588,
        0.01735819,
        0.016899254,
        0.016452452,
        0.016017463,
        0.015593976,
        0.015181685,
        0.014780294,
        0.014389516,
        0.01400907,
        0.013638682,
        0.013278087,
        0.012927026,
        0.012585246,
        0.012252503,
        0.011928557,
        0.011613177,
        0.011306135,
        0.011007211,
        0.010716191,
        0.010432864,
        0.010157028,
        0.009888485,
        0.009627042,
        0.009372512
      ]
    },
    {
      "name": "velocity",
      "type": "float",
      "data_points": [
        0,
        -8.228306,
        -13.676142,
        -17.215311,
        -19.445917,
        -20.780996,
        -21.504791,
        -21.812872,
        -21.839752,
        -21.677917,
        -21.390915,
        -21.022373,
        -20.602211,
        -20.150906,
        -19.68244,
        -19.206331,
        -18.72902,
        -18.254831,
        -17.786642,
        -17.32633,
        -16.875088,
        -16.433643,
        -16.0024,
        -15.581547,
        -15.171124,
        -14.771073,
        -14.3812685,
        -14.001543,
        -13.6317005,
        -13.271528,
        -12.920805,
        -12.579304,
        -12.246796,
        -11.923055,
        -11.607857,
        -11.300981,
        -11.00221,
        -10.711333,
        -10.4281435,
        -10.152438,
        -9.884021,
        -9.622699,
        -9.368285,
        -9.120597,
        -8.879457,
        -8.644693,
        -8.416136,
        -8.193621,
        -7.976989,
        -7.766084,
        -7.5607557,
        -7.360856,
        -7.1662416,
        -6.9767723,
        -6.7923126,
        -6.61273,
        -6.4378953,
        -6.267683,
        -6.101971,
        -5.9406404,
        -5.783575,
        -5.6306624,
        -5.4817924,
        -5.3368587,
        -5.195757,
        -5.058386,
        -4.924647,
        -4.7944436,
        -4.6676826,
        -4.544273,
        -4.424126,
        -4.307156,
        -4.193279,
        -4.0824122,
        -3.9744768,
        -3.8693953,
        -3.7670918,
        -3.667493,
        -3.570528,
        -3.4761264,
        -3.3842208,
        -3.294745,
        -3.207635,
        -3.122828,
        -3.0402632,
        -2.9598813,
        -2.8816247,
        -2.805437,
        -2.7312639,
        -2.6590517,
        -2.5887487,
        -2.5203047,
        -2.45367,
        -2.3887973,
        -2.3256397,
        -2.2641518,
        -2.2042897,
        -2.1460102,
        -2.0892715,
        -2.034033,
        -1.980255,
        -1.9278988,
        -1.8769268,
        -1.8273025,
        -1.7789901,
        -1.7319552,
        -1.6861638,
        -1.6415831,
        -1.598181,
        -1.5559264,
        -1.5147891,
        -1.4747394,
        -1.4357486,
        -1.3977886,
        -1.3608323,
        -1.3248532,
        -1.2898252,
        -1.2557234,
        -1.2225231,
        -1.1902007,
        -1.1587328,
        -1.1280969,
        -1.098271,
        -1.0692337,
        -1.0409641,
        -1.0134419,
        -0.9866474,
        -0.96056134,
        -0.9351649,
        -0.91044,
        -0.8863688,
        -0.862934,
        -0.84011877,
        -0.81790674,
        -0.796282,
        -0.775229,
        -0.7547326,
        -0.7347781,
        -0.7153512,
        -0.69643795,
        -0.67802477,
        -0.6600984,
        -0.64264596,
        -0.62565494,
        -0.60911316,
        -0.59300876,
        -0.5773301,
        -0.562066,
        -0.5472055,
        -0.53273785,
        -0.51865274,
        -0.50494003,
        -0.49158987,
        -0.47859266,
        -0.4659391,
        -0.45362008,
        -0.44162676,
        -0.42995054,
        -0.41858304,
        -0.40751606,
        -0.39674172,
        -0.38625222,
        -0.37604007,
        -0.3660979,
        -0.35641858,
        -0.34699517,
        -0.33782095,
        -0.32888928,
        -0.32019374,
        -0.3117281,
        -0.3034863,
        -0.29546237,
        -0.28765061,
        -0.2800454,
        -0.27264124,
        -0.26543283,
        -0.258415,
        -0.25158274,
        -0.24493112,
        -0.23845536,
        -0.23215081,
        -0.22601293,
        -0.22003734,
        -0.21421975,
        -0.20855597,
        -0.20304193,
        -0.19767368,
        -0.19244736,
        -0.18735923,
        -0.1824056,
        -0.17758296,
        -0.17288782,
        -0.16831681,
        -0.16386665,
        -0.15953417,
        -0.15531623,
        -0.1512098,
        -0.14721195,
        -0.1433198,
        -0.13953055,
        -0.13584149,
        -0.13224995,
        -0.12875338,
        -0.12534925,
        -0.12203512,
        -0.11880862,
        -0.115667425,
        -0.112609275,
        -0.109631985,
        -0.10673341,
        -0.103911474,
        -0.10116415,
        -0.098489456,
        -0.09588548,
        -0.09335035,
        -0.09088225,
        -0.0884794,
        -0.08614008,
        -0.08386262,
        -0.08164536,
        -0.07948673,
        -0.07738517,
        -0.075339176,
        -0.07334727,
        -0.07140803,
        -0.06952007,
        -0.06768202,
        -0.06589257,
        -0.06415043,
        -0.062454347,
        -0.060803108,
        -0.059195526,
        -0.05763045,
        -0.05610675,
        -0.054623336,
        -0.05317914,
        -0.05177313,
        -0.050404295,
        -0.04907165,
        -0.047774237,
        -0.04651113,
        -0.045281414,
        -0.044084214,
        -0.042918667,
        -0.041783933,
        -0.0406792,
        -0.03960368,
        -0.038556594,
        -0.03753719,
        -0.03654474,
        -0.03557853,
        -0.034637865,
        -0.03372207,
        -0.032830484,
        -0.031962473,
        -0.031117413,
        -0.030294696,
        -0.02949373,
        -0.028713943,
        -0.027954772,
        -0.027215673,
        -0.026496114,
        -0.02579558,
        -0.02511357
      ]
    },
    {
      "name": "stable",
      "type": "boolean",
      "data_points": [
        false,
        false,
        false,
        false,
        false,
        false,
        false,
        false,
        false,
        false,
        false,
        false,
        false,
        false,
        false,
        false,
        false,
        false,
        false,
        false,
        false,
        false,
        false,
        false,
        false,
        false,
        false,
        false,
        false,
        false,
        false,
        false,
        false,
        false,
        false,
        false,
        false,
        false,
        false,
        false,
        false,
        false,
        false,
        false,
        false,
        false,
        false,
        false,
        false,
        false,
        false,
        false,
        false,
        false,
        false,
        false,
        false,
        false,
        false,
        false,
        false,
        false,
        false,
        false,
        false,
        false,
        false,
        false,
        false,
        false,
        false,
        false,
        false,
        false,
        false,
        false,
        false,
        false,
        false,
        false,
        false,
        false,
        false,
        false,
        false,
        false,
        false,
        false,
        false,
        false,
        false,
        false,
        false,
        false,
        false,
        false,
        false,
        false,
        false,
        false,
        false,
        false,
        false,
        false,
        false,
        false,
        false,
        false,
        false,
        false,
        false,
        false,
        false,
        false,
        false,
        false,
        false,
        false,
        false,
        false,
        false,
        false,
        false,
        false,
        false,
        false,
        false,
        false,
        false,
        false,
        false,
        false,
        false,
        false,
        false,
        false,
        false,
        false,
        false,
        false,
        false,
        false,
        false,
        false,
        false,
        false,
        false,
        false,
        false,
        false,
        false,
        false,
        false,
        false,
        false,
        false,
        false,
        false,
        false,
        false,
        false,
        false,
        false,
        false,
        false,
        false,
        false,
        false,
        false,
        false,
        false,
        false,
        false,
        false,
        false,
        false,
        false,
        false,
        false,
        false,
        false,
        false,
        false,
        false,
        false,
        false,
        false,
        false,
        false,
        false,
        false,
        false,
        false,
        false,
        false,
        false,
        false,
        false,
        false,
        false,
        false,
        false,
        false,
        false,
        false,
        false,
        false,
        false,
        false,
        false,
        false,
        false,
        false,
        false,
        false,
        false,
        false,
        false,
        false,
        false,
        false,
        false,
        false,
        false,
        false,
        false,
        false,
        false,
        false,
        false,
        false,
        false,
        false,
        false,
        false,
        false,
        false,
        false,
        false,
        false,
        false,
        false,
        false,
        false,
        false,
        false,
        false,
        false,
        false,
        false,
        false,
        false,
        false,
        false,
        false,
        false,
        false,
        false,
        false,
        false,
        false,
        false,
        true,
        true
      ]
    },
    {
      "name": "parameters",
      "type": "springParameters",
      "data_points": [
        {
          "stiffness": 100,
          "dampingRatio": 2
        },
        {
          "stiffness": 100,
          "dampingRatio": 2
        },
        {
          "stiffness": 100,
          "dampingRatio": 2
        },
        {
          "stiffness": 100,
          "dampingRatio": 2
        },
        {
          "stiffness": 100,
          "dampingRatio": 2
        },
        {
          "stiffness": 100,
          "dampingRatio": 2
        },
        {
          "stiffness": 100,
          "dampingRatio": 2
        },
        {
          "stiffness": 100,
          "dampingRatio": 2
        },
        {
          "stiffness": 100,
          "dampingRatio": 2
        },
        {
          "stiffness": 100,
          "dampingRatio": 2
        },
        {
          "stiffness": 100,
          "dampingRatio": 2
        },
        {
          "stiffness": 100,
          "dampingRatio": 2
        },
        {
          "stiffness": 100,
          "dampingRatio": 2
        },
        {
          "stiffness": 100,
          "dampingRatio": 2
        },
        {
          "stiffness": 100,
          "dampingRatio": 2
        },
        {
          "stiffness": 100,
          "dampingRatio": 2
        },
        {
          "stiffness": 100,
          "dampingRatio": 2
        },
        {
          "stiffness": 100,
          "dampingRatio": 2
        },
        {
          "stiffness": 100,
          "dampingRatio": 2
        },
        {
          "stiffness": 100,
          "dampingRatio": 2
        },
        {
          "stiffness": 100,
          "dampingRatio": 2
        },
        {
          "stiffness": 100,
          "dampingRatio": 2
        },
        {
          "stiffness": 100,
          "dampingRatio": 2
        },
        {
          "stiffness": 100,
          "dampingRatio": 2
        },
        {
          "stiffness": 100,
          "dampingRatio": 2
        },
        {
          "stiffness": 100,
          "dampingRatio": 2
        },
        {
          "stiffness": 100,
          "dampingRatio": 2
        },
        {
          "stiffness": 100,
          "dampingRatio": 2
        },
        {
          "stiffness": 100,
          "dampingRatio": 2
        },
        {
          "stiffness": 100,
          "dampingRatio": 2
        },
        {
          "stiffness": 100,
          "dampingRatio": 2
        },
        {
          "stiffness": 100,
          "dampingRatio": 2
        },
        {
          "stiffness": 100,
          "dampingRatio": 2
        },
        {
          "stiffness": 100,
          "dampingRatio": 2
        },
        {
          "stiffness": 100,
          "dampingRatio": 2
        },
        {
          "stiffness": 100,
          "dampingRatio": 2
        },
        {
          "stiffness": 100,
          "dampingRatio": 2
        },
        {
          "stiffness": 100,
          "dampingRatio": 2
        },
        {
          "stiffness": 100,
          "dampingRatio": 2
        },
        {
          "stiffness": 100,
          "dampingRatio": 2
        },
        {
          "stiffness": 100,
          "dampingRatio": 2
        },
        {
          "stiffness": 100,
          "dampingRatio": 2
        },
        {
          "stiffness": 100,
          "dampingRatio": 2
        },
        {
          "stiffness": 100,
          "dampingRatio": 2
        },
        {
          "stiffness": 100,
          "dampingRatio": 2
        },
        {
          "stiffness": 100,
          "dampingRatio": 2
        },
        {
          "stiffness": 100,
          "dampingRatio": 2
        },
        {
          "stiffness": 100,
          "dampingRatio": 2
        },
        {
          "stiffness": 100,
          "dampingRatio": 2
        },
        {
          "stiffness": 100,
          "dampingRatio": 2
        },
        {
          "stiffness": 100,
          "dampingRatio": 2
        },
        {
          "stiffness": 100,
          "dampingRatio": 2
        },
        {
          "stiffness": 100,
          "dampingRatio": 2
        },
        {
          "stiffness": 100,
          "dampingRatio": 2
        },
        {
          "stiffness": 100,
          "dampingRatio": 2
        },
        {
          "stiffness": 100,
          "dampingRatio": 2
        },
        {
          "stiffness": 100,
          "dampingRatio": 2
        },
        {
          "stiffness": 100,
          "dampingRatio": 2
        },
        {
          "stiffness": 100,
          "dampingRatio": 2
        },
        {
          "stiffness": 100,
          "dampingRatio": 2
        },
        {
          "stiffness": 100,
          "dampingRatio": 2
        },
        {
          "stiffness": 100,
          "dampingRatio": 2
        },
        {
          "stiffness": 100,
          "dampingRatio": 2
        },
        {
          "stiffness": 100,
          "dampingRatio": 2
        },
        {
          "stiffness": 100,
          "dampingRatio": 2
        },
        {
          "stiffness": 100,
          "dampingRatio": 2
        },
        {
          "stiffness": 100,
          "dampingRatio": 2
        },
        {
          "stiffness": 100,
          "dampingRatio": 2
        },
        {
          "stiffness": 100,
          "dampingRatio": 2
        },
        {
          "stiffness": 100,
          "dampingRatio": 2
        },
        {
          "stiffness": 100,
          "dampingRatio": 2
        },
        {
          "stiffness": 100,
          "dampingRatio": 2
        },
        {
          "stiffness": 100,
          "dampingRatio": 2
        },
        {
          "stiffness": 100,
          "dampingRatio": 2
        },
        {
          "stiffness": 100,
          "dampingRatio": 2
        },
        {
          "stiffness": 100,
          "dampingRatio": 2
        },
        {
          "stiffness": 100,
          "dampingRatio": 2
        },
        {
          "stiffness": 100,
          "dampingRatio": 2
        },
        {
          "stiffness": 100,
          "dampingRatio": 2
        },
        {
          "stiffness": 100,
          "dampingRatio": 2
        },
        {
          "stiffness": 100,
          "dampingRatio": 2
        },
        {
          "stiffness": 100,
          "dampingRatio": 2
        },
        {
          "stiffness": 100,
          "dampingRatio": 2
        },
        {
          "stiffness": 100,
          "dampingRatio": 2
        },
        {
          "stiffness": 100,
          "dampingRatio": 2
        },
        {
          "stiffness": 100,
          "dampingRatio": 2
        },
        {
          "stiffness": 100,
          "dampingRatio": 2
        },
        {
          "stiffness": 100,
          "dampingRatio": 2
        },
        {
          "stiffness": 100,
          "dampingRatio": 2
        },
        {
          "stiffness": 100,
          "dampingRatio": 2
        },
        {
          "stiffness": 100,
          "dampingRatio": 2
        },
        {
          "stiffness": 100,
          "dampingRatio": 2
        },
        {
          "stiffness": 100,
          "dampingRatio": 2
        },
        {
          "stiffness": 100,
          "dampingRatio": 2
        },
        {
          "stiffness": 100,
          "dampingRatio": 2
        },
        {
          "stiffness": 100,
          "dampingRatio": 2
        },
        {
          "stiffness": 100,
          "dampingRatio": 2
        },
        {
          "stiffness": 100,
          "dampingRatio": 2
        },
        {
          "stiffness": 100,
          "dampingRatio": 2
        },
        {
          "stiffness": 100,
          "dampingRatio": 2
        },
        {
          "stiffness": 100,
          "dampingRatio": 2
        },
        {
          "stiffness": 100,
          "dampingRatio": 2
        },
        {
          "stiffness": 100,
          "dampingRatio": 2
        },
        {
          "stiffness": 100,
          "dampingRatio": 2
        },
        {
          "stiffness": 100,
          "dampingRatio": 2
        },
        {
          "stiffness": 100,
          "dampingRatio": 2
        },
        {
          "stiffness": 100,
          "dampingRatio": 2
        },
        {
          "stiffness": 100,
          "dampingRatio": 2
        },
        {
          "stiffness": 100,
          "dampingRatio": 2
        },
        {
          "stiffness": 100,
          "dampingRatio": 2
        },
        {
          "stiffness": 100,
          "dampingRatio": 2
        },
        {
          "stiffness": 100,
          "dampingRatio": 2
        },
        {
          "stiffness": 100,
          "dampingRatio": 2
        },
        {
          "stiffness": 100,
          "dampingRatio": 2
        },
        {
          "stiffness": 100,
          "dampingRatio": 2
        },
        {
          "stiffness": 100,
          "dampingRatio": 2
        },
        {
          "stiffness": 100,
          "dampingRatio": 2
        },
        {
          "stiffness": 100,
          "dampingRatio": 2
        },
        {
          "stiffness": 100,
          "dampingRatio": 2
        },
        {
          "stiffness": 100,
          "dampingRatio": 2
        },
        {
          "stiffness": 100,
          "dampingRatio": 2
        },
        {
          "stiffness": 100,
          "dampingRatio": 2
        },
        {
          "stiffness": 100,
          "dampingRatio": 2
        },
        {
          "stiffness": 100,
          "dampingRatio": 2
        },
        {
          "stiffness": 100,
          "dampingRatio": 2
        },
        {
          "stiffness": 100,
          "dampingRatio": 2
        },
        {
          "stiffness": 100,
          "dampingRatio": 2
        },
        {
          "stiffness": 100,
          "dampingRatio": 2
        },
        {
          "stiffness": 100,
          "dampingRatio": 2
        },
        {
          "stiffness": 100,
          "dampingRatio": 2
        },
        {
          "stiffness": 100,
          "dampingRatio": 2
        },
        {
          "stiffness": 100,
          "dampingRatio": 2
        },
        {
          "stiffness": 100,
          "dampingRatio": 2
        },
        {
          "stiffness": 100,
          "dampingRatio": 2
        },
        {
          "stiffness": 100,
          "dampingRatio": 2
        },
        {
          "stiffness": 100,
          "dampingRatio": 2
        },
        {
          "stiffness": 100,
          "dampingRatio": 2
        },
        {
          "stiffness": 100,
          "dampingRatio": 2
        },
        {
          "stiffness": 100,
          "dampingRatio": 2
        },
        {
          "stiffness": 100,
          "dampingRatio": 2
        },
        {
          "stiffness": 100,
          "dampingRatio": 2
        },
        {
          "stiffness": 100,
          "dampingRatio": 2
        },
        {
          "stiffness": 100,
          "dampingRatio": 2
        },
        {
          "stiffness": 100,
          "dampingRatio": 2
        },
        {
          "stiffness": 100,
          "dampingRatio": 2
        },
        {
          "stiffness": 100,
          "dampingRatio": 2
        },
        {
          "stiffness": 100,
          "dampingRatio": 2
        },
        {
          "stiffness": 100,
          "dampingRatio": 2
        },
        {
          "stiffness": 100,
          "dampingRatio": 2
        },
        {
          "stiffness": 100,
          "dampingRatio": 2
        },
        {
          "stiffness": 100,
          "dampingRatio": 2
        },
        {
          "stiffness": 100,
          "dampingRatio": 2
        },
        {
          "stiffness": 100,
          "dampingRatio": 2
        },
        {
          "stiffness": 100,
          "dampingRatio": 2
        },
        {
          "stiffness": 100,
          "dampingRatio": 2
        },
        {
          "stiffness": 100,
          "dampingRatio": 2
        },
        {
          "stiffness": 100,
          "dampingRatio": 2
        },
        {
          "stiffness": 100,
          "dampingRatio": 2
        },
        {
          "stiffness": 100,
          "dampingRatio": 2
        },
        {
          "stiffness": 100,
          "dampingRatio": 2
        },
        {
          "stiffness": 100,
          "dampingRatio": 2
        },
        {
          "stiffness": 100,
          "dampingRatio": 2
        },
        {
          "stiffness": 100,
          "dampingRatio": 2
        },
        {
          "stiffness": 100,
          "dampingRatio": 2
        },
        {
          "stiffness": 100,
          "dampingRatio": 2
        },
        {
          "stiffness": 100,
          "dampingRatio": 2
        },
        {
          "stiffness": 100,
          "dampingRatio": 2
        },
        {
          "stiffness": 100,
          "dampingRatio": 2
        },
        {
          "stiffness": 100,
          "dampingRatio": 2
        },
        {
          "stiffness": 100,
          "dampingRatio": 2
        },
        {
          "stiffness": 100,
          "dampingRatio": 2
        },
        {
          "stiffness": 100,
          "dampingRatio": 2
        },
        {
          "stiffness": 100,
          "dampingRatio": 2
        },
        {
          "stiffness": 100,
          "dampingRatio": 2
        },
        {
          "stiffness": 100,
          "dampingRatio": 2
        },
        {
          "stiffness": 100,
          "dampingRatio": 2
        },
        {
          "stiffness": 100,
          "dampingRatio": 2
        },
        {
          "stiffness": 100,
          "dampingRatio": 2
        },
        {
          "stiffness": 100,
          "dampingRatio": 2
        },
        {
          "stiffness": 100,
          "dampingRatio": 2
        },
        {
          "stiffness": 100,
          "dampingRatio": 2
        },
        {
          "stiffness": 100,
          "dampingRatio": 2
        },
        {
          "stiffness": 100,
          "dampingRatio": 2
        },
        {
          "stiffness": 100,
          "dampingRatio": 2
        },
        {
          "stiffness": 100,
          "dampingRatio": 2
        },
        {
          "stiffness": 100,
          "dampingRatio": 2
        },
        {
          "stiffness": 100,
          "dampingRatio": 2
        },
        {
          "stiffness": 100,
          "dampingRatio": 2
        },
        {
          "stiffness": 100,
          "dampingRatio": 2
        },
        {
          "stiffness": 100,
          "dampingRatio": 2
        },
        {
          "stiffness": 100,
          "dampingRatio": 2
        },
        {
          "stiffness": 100,
          "dampingRatio": 2
        },
        {
          "stiffness": 100,
          "dampingRatio": 2
        },
        {
          "stiffness": 100,
          "dampingRatio": 2
        },
        {
          "stiffness": 100,
          "dampingRatio": 2
        },
        {
          "stiffness": 100,
          "dampingRatio": 2
        },
        {
          "stiffness": 100,
          "dampingRatio": 2
        },
        {
          "stiffness": 100,
          "dampingRatio": 2
        },
        {
          "stiffness": 100,
          "dampingRatio": 2
        },
        {
          "stiffness": 100,
          "dampingRatio": 2
        },
        {
          "stiffness": 100,
          "dampingRatio": 2
        },
        {
          "stiffness": 100,
          "dampingRatio": 2
        },
        {
          "stiffness": 100,
          "dampingRatio": 2
        },
        {
          "stiffness": 100,
          "dampingRatio": 2
        },
        {
          "stiffness": 100,
          "dampingRatio": 2
        },
        {
          "stiffness": 100,
          "dampingRatio": 2
        },
        {
          "stiffness": 100,
          "dampingRatio": 2
        },
        {
          "stiffness": 100,
          "dampingRatio": 2
        },
        {
          "stiffness": 100,
          "dampingRatio": 2
        },
        {
          "stiffness": 100,
          "dampingRatio": 2
        },
        {
          "stiffness": 100,
          "dampingRatio": 2
        },
        {
          "stiffness": 100,
          "dampingRatio": 2
        },
        {
          "stiffness": 100,
          "dampingRatio": 2
        },
        {
          "stiffness": 100,
          "dampingRatio": 2
        },
        {
          "stiffness": 100,
          "dampingRatio": 2
        },
        {
          "stiffness": 100,
          "dampingRatio": 2
        },
        {
          "stiffness": 100,
          "dampingRatio": 2
        },
        {
          "stiffness": 100,
          "dampingRatio": 2
        },
        {
          "stiffness": 100,
          "dampingRatio": 2
        },
        {
          "stiffness": 100,
          "dampingRatio": 2
        },
        {
          "stiffness": 100,
          "dampingRatio": 2
        },
        {
          "stiffness": 100,
          "dampingRatio": 2
        },
        {
          "stiffness": 100,
          "dampingRatio": 2
        },
        {
          "stiffness": 100,
          "dampingRatio": 2
        },
        {
          "stiffness": 100,
          "dampingRatio": 2
        },
        {
          "stiffness": 100,
          "dampingRatio": 2
        },
        {
          "stiffness": 100,
          "dampingRatio": 2
        },
        {
          "stiffness": 100,
          "dampingRatio": 2
        },
        {
          "stiffness": 100,
          "dampingRatio": 2
        },
        {
          "stiffness": 100,
          "dampingRatio": 2
        },
        {
          "stiffness": 100,
          "dampingRatio": 2
        },
        {
          "stiffness": 100,
          "dampingRatio": 2
        },
        {
          "stiffness": 100,
          "dampingRatio": 2
        },
        {
          "stiffness": 100,
          "dampingRatio": 2
        },
        {
          "stiffness": 100,
          "dampingRatio": 2
        },
        {
          "stiffness": 100,
          "dampingRatio": 2
        },
        {
          "stiffness": 100,
          "dampingRatio": 2
        },
        {
          "stiffness": 100,
          "dampingRatio": 2
        },
        {
          "stiffness": 100,
          "dampingRatio": 2
        },
        {
          "stiffness": 100,
          "dampingRatio": 2
        },
        {
          "stiffness": 100,
          "dampingRatio": 2
        },
        {
          "stiffness": 100,
          "dampingRatio": 2
        },
        {
          "stiffness": 100,
          "dampingRatio": 2
        },
        {
          "stiffness": 100,
          "dampingRatio": 2
        },
        {
          "stiffness": 100,
          "dampingRatio": 2
        },
        {
          "stiffness": 100,
          "dampingRatio": 2
        },
        {
          "stiffness": 100,
          "dampingRatio": 2
        },
        {
          "stiffness": 100,
          "dampingRatio": 2
        },
        {
          "stiffness": 100,
          "dampingRatio": 2
        },
        {
          "stiffness": 100,
          "dampingRatio": 2
        },
        {
          "stiffness": 100,
          "dampingRatio": 2
        },
        {
          "stiffness": 100,
          "dampingRatio": 2
        },
        {
          "stiffness": 100,
          "dampingRatio": 2
        },
        {
          "stiffness": 100,
          "dampingRatio": 2
        },
        {
          "stiffness": 100,
          "dampingRatio": 2
        },
        {
          "stiffness": 100,
          "dampingRatio": 2
        },
        {
          "stiffness": 100,
          "dampingRatio": 2
        },
        {
          "stiffness": 100,
          "dampingRatio": 2
        },
        {
          "stiffness": 100,
          "dampingRatio": 2
        },
        {
          "stiffness": 100,
          "dampingRatio": 2
        },
        {
          "stiffness": 100,
          "dampingRatio": 2
        },
        {
          "stiffness": 100,
          "dampingRatio": 2
        },
        {
          "stiffness": 100,
          "dampingRatio": 2
        },
        {
          "stiffness": 100,
          "dampingRatio": 2
        }
      ]
    }
  ]
}