{
  "frame_ids": [
    0,
    16,
    32,
    48,
    64,
    80,
    96,
    112,
    128,
    144,
    160,
    176,
    192,
    208,
    224,
    240,
    256
  ],
  "features": [
    {
      "name": "input",
      "type": "float",
      "data_points": [
        2,
        1.5,
        1,
        1,
        1,
        1,
        1,
        1,
        1,
        1,
        1,
        1,
        1,
        1,
        1,
        1,
        1
      ]
    },
    {
      "name": "gestureDirection",
      "type": "string",
      "data_points": [
        "Min",
        "Min",
        "Min",
        "Min",
        "Min",
        "Min",
        "Min",
        "Min",
        "Min",
        "Min",
        "Min",
        "Min",
        "Min",
        "Min",
        "Min",
        "Min",
        "Min"
      ]
    },
    {
      "name": "output",
      "type": "float",
      "data_points": [
        1,
        1,
        0.9802651,
        0.8618002,
        0.70001805,
        0.5380087,
        0.39591217,
        0.28066826,
        0.19219774,
        0.1271556,
        0.0810855,
        0.04956317,
        0.028725982,
        0.015450776,
        0.0073454976,
        0,
        0
      ]
    },
    {
      "name": "outputTarget",
      "type": "float",
      "data_points": [
        1,
        1,
        0,
        0,
        0,
        0,
        0,
        0,
        0,
        0,
        0,
        0,
        0,
        0,
        0,
        0,
        0
      ]
    },
    {
      "name": "outputSpring",
      "type": "springParameters",
      "data_points": [
        {
          "stiffness": 100000,
          "dampingRatio": 1
        },
        {
          "stiffness": 100000,
          "dampingRatio": 1
        },
        {
          "stiffness": 700,
          "dampingRatio": 0.9
        },
        {
          "stiffness": 700,
          "dampingRatio": 0.9
        },
        {
          "stiffness": 700,
          "dampingRatio": 0.9
        },
        {
          "stiffness": 700,
          "dampingRatio": 0.9
        },
        {
          "stiffness": 700,
          "dampingRatio": 0.9
        },
        {
          "stiffness": 700,
          "dampingRatio": 0.9
        },
        {
          "stiffness": 700,
          "dampingRatio": 0.9
        },
        {
          "stiffness": 700,
          "dampingRatio": 0.9
        },
        {
          "stiffness": 700,
          "dampingRatio": 0.9
        },
        {
          "stiffness": 700,
          "dampingRatio": 0.9
        },
        {
          "stiffness": 700,
          "dampingRatio": 0.9
        },
        {
          "stiffness": 700,
          "dampingRatio": 0.9
        },
        {
          "stiffness": 700,
          "dampingRatio": 0.9
        },
        {
          "stiffness": 700,
          "dampingRatio": 0.9
        },
        {
          "stiffness": 700,
          "dampingRatio": 0.9
        }
      ]
    },
    {
      "name": "isStable",
      "type": "boolean",
      "data_points": [
        true,
        true,
        false,
        false,
        false,
        false,
        false,
        false,
        false,
        false,
        false,
        false,
        false,
        false,
        false,
        true,
        true
      ]
    }
  ]
}