{
  "frame_ids": [
    0,
    16,
    32,
    48,
    64,
    80,
    96,
    112,
    128,
    144,
    160,
    176,
    192,
    208,
    224
  ],
  "features": [
    {
      "name": "input",
      "type": "float",
      "data_points": [
        0.5,
        0.5,
        0.5,
        0.5,
        0.5,
        0.5,
        0.5,
        0.5,
        0.5,
        0.5,
        0.5,
        0.5,
        0.5,
        0.5,
        0.5
      ]
    },
    {
      "name": "gestureDirection",
      "type": "string",
      "data_points": [
        "Max",
        "Max",
        "Max",
        "Max",
        "Max",
        "Max",
        "Max",
        "Max",
        "Max",
        "Max",
        "Max",
        "Max",
        "Max",
        "Max",
        "Max"
      ]
    },
    {
      "name": "output",
      "type": "float",
      "data_points": [
        1.5,
        1.7,
        1.9,
        1.6615533,
        1.226438,
        0.817063,
        0.5036553,
        0.28967857,
        0.15513074,
        0.07628298,
        0.033192396,
        0.011453152,
        0.0016130209,
        0,
        0
      ]
    },
    {
      "name": "outputTarget",
      "type": "float",
      "data_points": [
        1.5,
        1.7,
        1.9,
        0,
        0,
        0,
        0,
        0,
        0,
        0,
        0,
        0,
        0,
        0,
        0
      ]
    },
    {
      "name": "outputSpring",
      "type": "springParameters",
      "data_points": [
        {
          "stiffness": 100000,
          "dampingRatio": 1
        },
        {
          "stiffness": 100000,
          "dampingRatio": 1
        },
        {
          "stiffness": 100000,
          "dampingRatio": 1
        },
        {
          "stiffness": 1400,
          "dampingRatio": 0.9
        },
        {
          "stiffness": 1400,
          "dampingRatio": 0.9
        },
        {
          "stiffness": 1400,
          "dampingRatio": 0.9
        },
        {
          "stiffness": 1400,
          "dampingRatio": 0.9
        },
        {
          "stiffness": 1400,
          "dampingRatio": 0.9
        },
        {
          "stiffness": 1400,
          "dampingRatio": 0.9
        },
        {
          "stiffness": 1400,
          "dampingRatio": 0.9
        },
        {
          "stiffness": 1400,
          "dampingRatio": 0.9
        },
        {
          "stiffness": 1400,
          "dampingRatio": 0.9
        },
        {
          "stiffness": 1400,
          "dampingRatio": 0.9
        },
        {
          "stiffness": 1400,
          "dampingRatio": 0.9
        },
        {
          "stiffness": 1400,
          "dampingRatio": 0.9
        }
      ]
    },
    {
      "name": "isStable",
      "type": "boolean",
      "data_points": [
        true,
        true,
        true,
        false,
        false,
        false,
        false,
        false,
        false,
        false,
        false,
        false,
        false,
        true,
        true
      ]
    }
  ]
}