{
  "frame_ids": [
    0,
    16,
    32,
    48,
    64,
    80,
    96,
    112,
    128,
    144,
    160,
    176,
    192,
    208
  ],
  "features": [
    {
      "name": "input",
      "type": "float",
      "data_points": [
        0.5,
        0.5,
        0.5,
        0.5,
        0.5,
        0.5,
        0.5,
        0.5,
        0.5,
        0.5,
        0.5,
        0.5,
        0.5,
        0.5
      ]
    },
    {
      "name": "gestureDirection",
      "type": "string",
      "data_points": [
        "Max",
        "Max",
        "Max",
        "Max",
        "Max",
        "Max",
        "Max",
        "Max",
        "Max",
        "Max",
        "Max",
        "Max",
        "Max",
        "Max"
      ]
    },
    {
      "name": "output",
      "type": "float",
      "data_points": [
        1.5,
        1.3,
        1.1,
        0.9619519,
        0.7100431,
        0.4730364,
        0.29158998,
        0.16770864,
        0.08981252,
        0.044163823,
        0.019216657,
        0.0066307783,
        0,
        0
      ]
    },
    {
      "name": "outputTarget",
      "type": "float",
      "data_points": [
        1.5,
        1.3,
        1.1,
        0,
        0,
        0,
        0,
        0,
        0,
        0,
        0,
        0,
        0,
        0
      ]
    },
    {
      "name": "outputSpring",
      "type": "springParameters",
      "data_points": [
        {
          "stiffness": 100000,
          "dampingRatio": 1
        },
        {
          "stiffness": 100000,
          "dampingRatio": 1
        },
        {
          "stiffness": 100000,
          "dampingRatio": 1
        },
        {
          "stiffness": 1400,
          "dampingRatio": 0.9
        },
        {
          "stiffness": 1400,
          "dampingRatio": 0.9
        },
        {
          "stiffness": 1400,
          "dampingRatio": 0.9
        },
        {
          "stiffness": 1400,
          "dampingRatio": 0.9
        },
        {
          "stiffness": 1400,
          "dampingRatio": 0.9
        },
        {
          "stiffness": 1400,
          "dampingRatio": 0.9
        },
        {
          "stiffness": 1400,
          "dampingRatio": 0.9
        },
        {
          "stiffness": 1400,
          "dampingRatio": 0.9
        },
        {
          "stiffness": 1400,
          "dampingRatio": 0.9
        },
        {
          "stiffness": 1400,
          "dampingRatio": 0.9
        },
        {
          "stiffness": 1400,
          "dampingRatio": 0.9
        }
      ]
    },
    {
      "name": "isStable",
      "type": "boolean",
      "data_points": [
        true,
        true,
        true,
        false,
        false,
        false,
        false,
        false,
        false,
        false,
        false,
        false,
        true,
        true
      ]
    }
  ]
}