{
  "frame_ids": [
    0,
    16,
    32,
    48,
    64,
    80,
    96,
    112,
    128,
    144,
    160
  ],
  "features": [
    {
      "name": "input",
      "type": "float",
      "data_points": [
        2.5,
        0.4,
        0.3,
        0.20000002,
        0.10000002,
        0,
        0,
        0,
        0,
        0,
        0
      ]
    },
    {
      "name": "gestureDirection",
      "type": "string",
      "data_points": [
        "Max",
        "Min",
        "Min",
        "Min",
        "Min",
        "Min",
        "Min",
        "Min",
        "Min",
        "Min",
        "Min"
      ]
    },
    {
      "name": "output",
      "type": "float",
      "data_points": [
        2,
        1.8607992,
        1.5158144,
        1.0649259,
        0.62475336,
        0.29145694,
        0.11132395,
        0.036348104,
        0.009979486,
        0,
        0
      ]
    },
    {
      "name": "outputTarget",
      "type": "float",
      "data_points": [
        2,
        0,
        0,
        0,
        0,
        0,
        0,
        0,
        0,
        0,
        0
      ]
    },
    {
      "name": "outputSpring",
      "type": "springParameters",
      "data_points": [
        {
          "stiffness": 100000,
          "dampingRatio": 1
        },
        {
          "stiffness": 700,
          "dampingRatio": 0.9
        },
        {
          "stiffness": 1149.7095,
          "dampingRatio": 0.90999997
        },
        {
          "stiffness": 1888.3324,
          "dampingRatio": 0.91999996
        },
        {
          "stiffness": 3101.4778,
          "dampingRatio": 0.93000007
        },
        {
          "stiffness": 5094,
          "dampingRatio": 0.94000006
        },
        {
          "stiffness": 5094,
          "dampingRatio": 0.94000006
        },
        {
          "stiffness": 5094,
          "dampingRatio": 0.94000006
        },
        {
          "stiffness": 5094,
          "dampingRatio": 0.94000006
        },
        {
          "stiffness": 5094,
          "dampingRatio": 0.94000006
        },
        {
          "stiffness": 5094,
          "dampingRatio": 0.94000006
        }
      ]
    },
    {
      "name": "isStable",
      "type": "boolean",
      "data_points": [
        true,
        false,
        false,
        false,
        false,
        false,
        false,
        false,
        false,
        true,
        true
      ]
    }
  ]
}